echo "Cleared build_errors.log"
